MPLINK 5.09, LINKER
Linker Map File - Created Sun Mar 28 20:44:47 2021

                                 Section Info
                  Section       Type    Address   Location Size(Bytes)
                ---------  ---------  ---------  ---------  ---------
                   .org_0       code   0x000000    program   0x00011a
                   .cinit    romdata   0x00008d    program   0x000004
.config_2007_BUILD/DEFAULT/PRODUCTION/NEWPIC_       code   0x002007    program   0x000002



                              Program Memory Usage 
                               Start         End      
                           ---------   ---------      
                            0x000000    0x00008e      
                            0x002007    0x002007      
            144 out of 8454 program addresses used, program memory utilization is 1%



                              Symbols - Sorted by Name
                     Name    Address   Location    Storage File                     
                ---------  ---------  ---------  --------- ---------                
             _.org_0_0006   0x000006    program     static C:\Users\rober\Documents\SeteSegmentos_PIC\Software\Versao2.X\newpic_8b_general.asm
             _.org_0_0008   0x000008    program     static C:\Users\rober\Documents\SeteSegmentos_PIC\Software\Versao2.X\newpic_8b_general.asm
             clear_dezena   0x000026    program     static C:\Users\rober\Documents\SeteSegmentos_PIC\Software\Versao2.X\newpic_8b_general.asm
            clear_unidade   0x000019    program     static C:\Users\rober\Documents\SeteSegmentos_PIC\Software\Versao2.X\newpic_8b_general.asm
               dec_dezena   0x000043    program     static C:\Users\rober\Documents\SeteSegmentos_PIC\Software\Versao2.X\newpic_8b_general.asm
              dec_unidade   0x00003b    program     static C:\Users\rober\Documents\SeteSegmentos_PIC\Software\Versao2.X\newpic_8b_general.asm
               decrementa   0x00002c    program     static C:\Users\rober\Documents\SeteSegmentos_PIC\Software\Versao2.X\newpic_8b_general.asm
                delays_ms   0x000001    program     static C:\Users\rober\Documents\SeteSegmentos_PIC\Software\Versao2.X\newpic_8b_general.asm
                    enter   0x000049    program     static C:\Users\rober\Documents\SeteSegmentos_PIC\Software\Versao2.X\newpic_8b_general.asm
             f_dec_dezena   0x00003d    program     static C:\Users\rober\Documents\SeteSegmentos_PIC\Software\Versao2.X\newpic_8b_general.asm
             f_inc_dezena   0x000020    program     static C:\Users\rober\Documents\SeteSegmentos_PIC\Software\Versao2.X\newpic_8b_general.asm
                    f_led   0x00005a    program     static C:\Users\rober\Documents\SeteSegmentos_PIC\Software\Versao2.X\newpic_8b_general.asm
                  f_pulso   0x000054    program     static C:\Users\rober\Documents\SeteSegmentos_PIC\Software\Versao2.X\newpic_8b_general.asm
               inc_dezena   0x00002a    program     static C:\Users\rober\Documents\SeteSegmentos_PIC\Software\Versao2.X\newpic_8b_general.asm
              inc_unidade   0x00001e    program     static C:\Users\rober\Documents\SeteSegmentos_PIC\Software\Versao2.X\newpic_8b_general.asm
               incrementa   0x00000e    program     static C:\Users\rober\Documents\SeteSegmentos_PIC\Software\Versao2.X\newpic_8b_general.asm
                   inicio   0x000063    program     static C:\Users\rober\Documents\SeteSegmentos_PIC\Software\Versao2.X\newpic_8b_general.asm
                     loop   0x000082    program     static C:\Users\rober\Documents\SeteSegmentos_PIC\Software\Versao2.X\newpic_8b_general.asm
                  mostrar   0x00000a    program     static C:\Users\rober\Documents\SeteSegmentos_PIC\Software\Versao2.X\newpic_8b_general.asm
               set_dezena   0x000045    program     static C:\Users\rober\Documents\SeteSegmentos_PIC\Software\Versao2.X\newpic_8b_general.asm
              set_unidade   0x000036    program     static C:\Users\rober\Documents\SeteSegmentos_PIC\Software\Versao2.X\newpic_8b_general.asm



                              Symbols - Sorted by Address
                     Name    Address   Location    Storage File                     
                ---------  ---------  ---------  --------- ---------                
                delays_ms   0x000001    program     static C:\Users\rober\Documents\SeteSegmentos_PIC\Software\Versao2.X\newpic_8b_general.asm
             _.org_0_0006   0x000006    program     static C:\Users\rober\Documents\SeteSegmentos_PIC\Software\Versao2.X\newpic_8b_general.asm
             _.org_0_0008   0x000008    program     static C:\Users\rober\Documents\SeteSegmentos_PIC\Software\Versao2.X\newpic_8b_general.asm
                  mostrar   0x00000a    program     static C:\Users\rober\Documents\SeteSegmentos_PIC\Software\Versao2.X\newpic_8b_general.asm
               incrementa   0x00000e    program     static C:\Users\rober\Documents\SeteSegmentos_PIC\Software\Versao2.X\newpic_8b_general.asm
            clear_unidade   0x000019    program     static C:\Users\rober\Documents\SeteSegmentos_PIC\Software\Versao2.X\newpic_8b_general.asm
              inc_unidade   0x00001e    program     static C:\Users\rober\Documents\SeteSegmentos_PIC\Software\Versao2.X\newpic_8b_general.asm
             f_inc_dezena   0x000020    program     static C:\Users\rober\Documents\SeteSegmentos_PIC\Software\Versao2.X\newpic_8b_general.asm
             clear_dezena   0x000026    program     static C:\Users\rober\Documents\SeteSegmentos_PIC\Software\Versao2.X\newpic_8b_general.asm
               inc_dezena   0x00002a    program     static C:\Users\rober\Documents\SeteSegmentos_PIC\Software\Versao2.X\newpic_8b_general.asm
               decrementa   0x00002c    program     static C:\Users\rober\Documents\SeteSegmentos_PIC\Software\Versao2.X\newpic_8b_general.asm
              set_unidade   0x000036    program     static C:\Users\rober\Documents\SeteSegmentos_PIC\Software\Versao2.X\newpic_8b_general.asm
              dec_unidade   0x00003b    program     static C:\Users\rober\Documents\SeteSegmentos_PIC\Software\Versao2.X\newpic_8b_general.asm
             f_dec_dezena   0x00003d    program     static C:\Users\rober\Documents\SeteSegmentos_PIC\Software\Versao2.X\newpic_8b_general.asm
               dec_dezena   0x000043    program     static C:\Users\rober\Documents\SeteSegmentos_PIC\Software\Versao2.X\newpic_8b_general.asm
               set_dezena   0x000045    program     static C:\Users\rober\Documents\SeteSegmentos_PIC\Software\Versao2.X\newpic_8b_general.asm
                    enter   0x000049    program     static C:\Users\rober\Documents\SeteSegmentos_PIC\Software\Versao2.X\newpic_8b_general.asm
                  f_pulso   0x000054    program     static C:\Users\rober\Documents\SeteSegmentos_PIC\Software\Versao2.X\newpic_8b_general.asm
                    f_led   0x00005a    program     static C:\Users\rober\Documents\SeteSegmentos_PIC\Software\Versao2.X\newpic_8b_general.asm
                   inicio   0x000063    program     static C:\Users\rober\Documents\SeteSegmentos_PIC\Software\Versao2.X\newpic_8b_general.asm
                     loop   0x000082    program     static C:\Users\rober\Documents\SeteSegmentos_PIC\Software\Versao2.X\newpic_8b_general.asm


