MPLINK 5.09, LINKER
Linker Map File - Created Sun Mar 28 20:43:46 2021

                                 Section Info
                  Section       Type    Address   Location Size(Bytes)
                ---------  ---------  ---------  ---------  ---------
                   .org_0       code   0x000000    program   0x00012c
                   .cinit    romdata   0x000096    program   0x000004
.config_2007_BUILD/DEFAULT/PRODUCTION/NEWPIC_       code   0x002007    program   0x000002



                              Program Memory Usage 
                               Start         End      
                           ---------   ---------      
                            0x000000    0x000097      
                            0x002007    0x002007      
            153 out of 8454 program addresses used, program memory utilization is 1%



                              Symbols - Sorted by Name
                     Name    Address   Location    Storage File                     
                ---------  ---------  ---------  --------- ---------                
             _.org_0_0006   0x000006    program     static C:\Users\rober\Documents\SeteSegmentos_PIC\Software\Versao1.X\newpic_8b_general.asm
             _.org_0_0008   0x000008    program     static C:\Users\rober\Documents\SeteSegmentos_PIC\Software\Versao1.X\newpic_8b_general.asm
             clear_dezena   0x000031    program     static C:\Users\rober\Documents\SeteSegmentos_PIC\Software\Versao1.X\newpic_8b_general.asm
            clear_unidade   0x000021    program     static C:\Users\rober\Documents\SeteSegmentos_PIC\Software\Versao1.X\newpic_8b_general.asm
               dec_dezena   0x00004c    program     static C:\Users\rober\Documents\SeteSegmentos_PIC\Software\Versao1.X\newpic_8b_general.asm
              dec_unidade   0x000044    program     static C:\Users\rober\Documents\SeteSegmentos_PIC\Software\Versao1.X\newpic_8b_general.asm
               decrementa   0x000035    program     static C:\Users\rober\Documents\SeteSegmentos_PIC\Software\Versao1.X\newpic_8b_general.asm
                delays_ms   0x000001    program     static C:\Users\rober\Documents\SeteSegmentos_PIC\Software\Versao1.X\newpic_8b_general.asm
                    enter   0x000052    program     static C:\Users\rober\Documents\SeteSegmentos_PIC\Software\Versao1.X\newpic_8b_general.asm
             f_dec_dezena   0x000046    program     static C:\Users\rober\Documents\SeteSegmentos_PIC\Software\Versao1.X\newpic_8b_general.asm
             f_inc_dezena   0x000026    program     static C:\Users\rober\Documents\SeteSegmentos_PIC\Software\Versao1.X\newpic_8b_general.asm
            f_inc_unidade   0x000019    program     static C:\Users\rober\Documents\SeteSegmentos_PIC\Software\Versao1.X\newpic_8b_general.asm
                    f_led   0x000063    program     static C:\Users\rober\Documents\SeteSegmentos_PIC\Software\Versao1.X\newpic_8b_general.asm
                  f_pulso   0x00005d    program     static C:\Users\rober\Documents\SeteSegmentos_PIC\Software\Versao1.X\newpic_8b_general.asm
               inc_dezena   0x00002f    program     static C:\Users\rober\Documents\SeteSegmentos_PIC\Software\Versao1.X\newpic_8b_general.asm
              inc_unidade   0x00001f    program     static C:\Users\rober\Documents\SeteSegmentos_PIC\Software\Versao1.X\newpic_8b_general.asm
               incrementa   0x00000e    program     static C:\Users\rober\Documents\SeteSegmentos_PIC\Software\Versao1.X\newpic_8b_general.asm
                   inicio   0x00006c    program     static C:\Users\rober\Documents\SeteSegmentos_PIC\Software\Versao1.X\newpic_8b_general.asm
                     loop   0x00008b    program     static C:\Users\rober\Documents\SeteSegmentos_PIC\Software\Versao1.X\newpic_8b_general.asm
                  mostrar   0x00000a    program     static C:\Users\rober\Documents\SeteSegmentos_PIC\Software\Versao1.X\newpic_8b_general.asm
               set_dezena   0x00004e    program     static C:\Users\rober\Documents\SeteSegmentos_PIC\Software\Versao1.X\newpic_8b_general.asm
              set_unidade   0x00003f    program     static C:\Users\rober\Documents\SeteSegmentos_PIC\Software\Versao1.X\newpic_8b_general.asm



                              Symbols - Sorted by Address
                     Name    Address   Location    Storage File                     
                ---------  ---------  ---------  --------- ---------                
                delays_ms   0x000001    program     static C:\Users\rober\Documents\SeteSegmentos_PIC\Software\Versao1.X\newpic_8b_general.asm
             _.org_0_0006   0x000006    program     static C:\Users\rober\Documents\SeteSegmentos_PIC\Software\Versao1.X\newpic_8b_general.asm
             _.org_0_0008   0x000008    program     static C:\Users\rober\Documents\SeteSegmentos_PIC\Software\Versao1.X\newpic_8b_general.asm
                  mostrar   0x00000a    program     static C:\Users\rober\Documents\SeteSegmentos_PIC\Software\Versao1.X\newpic_8b_general.asm
               incrementa   0x00000e    program     static C:\Users\rober\Documents\SeteSegmentos_PIC\Software\Versao1.X\newpic_8b_general.asm
            f_inc_unidade   0x000019    program     static C:\Users\rober\Documents\SeteSegmentos_PIC\Software\Versao1.X\newpic_8b_general.asm
              inc_unidade   0x00001f    program     static C:\Users\rober\Documents\SeteSegmentos_PIC\Software\Versao1.X\newpic_8b_general.asm
            clear_unidade   0x000021    program     static C:\Users\rober\Documents\SeteSegmentos_PIC\Software\Versao1.X\newpic_8b_general.asm
             f_inc_dezena   0x000026    program     static C:\Users\rober\Documents\SeteSegmentos_PIC\Software\Versao1.X\newpic_8b_general.asm
               inc_dezena   0x00002f    program     static C:\Users\rober\Documents\SeteSegmentos_PIC\Software\Versao1.X\newpic_8b_general.asm
             clear_dezena   0x000031    program     static C:\Users\rober\Documents\SeteSegmentos_PIC\Software\Versao1.X\newpic_8b_general.asm
               decrementa   0x000035    program     static C:\Users\rober\Documents\SeteSegmentos_PIC\Software\Versao1.X\newpic_8b_general.asm
              set_unidade   0x00003f    program     static C:\Users\rober\Documents\SeteSegmentos_PIC\Software\Versao1.X\newpic_8b_general.asm
              dec_unidade   0x000044    program     static C:\Users\rober\Documents\SeteSegmentos_PIC\Software\Versao1.X\newpic_8b_general.asm
             f_dec_dezena   0x000046    program     static C:\Users\rober\Documents\SeteSegmentos_PIC\Software\Versao1.X\newpic_8b_general.asm
               dec_dezena   0x00004c    program     static C:\Users\rober\Documents\SeteSegmentos_PIC\Software\Versao1.X\newpic_8b_general.asm
               set_dezena   0x00004e    program     static C:\Users\rober\Documents\SeteSegmentos_PIC\Software\Versao1.X\newpic_8b_general.asm
                    enter   0x000052    program     static C:\Users\rober\Documents\SeteSegmentos_PIC\Software\Versao1.X\newpic_8b_general.asm
                  f_pulso   0x00005d    program     static C:\Users\rober\Documents\SeteSegmentos_PIC\Software\Versao1.X\newpic_8b_general.asm
                    f_led   0x000063    program     static C:\Users\rober\Documents\SeteSegmentos_PIC\Software\Versao1.X\newpic_8b_general.asm
                   inicio   0x00006c    program     static C:\Users\rober\Documents\SeteSegmentos_PIC\Software\Versao1.X\newpic_8b_general.asm
                     loop   0x00008b    program     static C:\Users\rober\Documents\SeteSegmentos_PIC\Software\Versao1.X\newpic_8b_general.asm


